
      WRITE TEST PATTERN TO DRUM TRACK 8, 010                             Page 1


    1                   WRITE TEST PATTERN TO DRUM TRACK 8, 010
    2                   / The few implemented PDP1-D instructions
    3       760020      lia=760020
    4       760040      lai=760040
    5       760060      lsw=760060
    6                   
    7                   / This defines the IOT instructions for the Type 23 drum.
    8                   / Note this differs from the examples in that it does not add the iot
    9                   / explicitly, so use is e.g. iot dia.
   10       000061      dia=61
   11       002061      dba=2061
   12       000062      dwc=62
   13       002062      dra=2062
   14       000063      dcl=63
   15       002063      dss=2063
   16                   
   17                   / Additional flags, not compatible with native macro, only macro1.
   18                   / These flags are in the IO register.
   19       400000      drmrd=400000
   20       400000      drmwrt=400000
   21                   
   22                   / Bits for dss
   23       000040      drms16=40
   24       000020      drmsch=20
   25                   
   26                   / The bit set if a cks is done.
   27       000001      cksdrm=1
   28                   
   29                   
   30                   / Which bank we load the track image into, 1
   31       010000      bnk=10000
   32       000001      bnkno=1
   33 00100             100/
   34                   
   35                   / load bank 1 mem from drum 010
   36 00100 220136           lio (drmrd 100000
   37 00101 720061           iot dia
   38 00102 764000           cli
   39 00103 720062           iot dwc
   40 00104 220137           lio (10000
   41 00105 720063           iot dcl
   42                   
   43                   / use cpy to copy 0-10 to 100-110
   44 00106 724074           eem
   45 00107 200137           lac (10000
   46 00110 240134           dac ads
   47 00111 200140           lac (10100
   48 00112 240135           dac adt
   49 00113 700010           law 10
   50 00114 170116           jda cpy
   51 00115 760400           hlt
   52                   
   53                   / Copy from one mem bank to another.
   54                   / AC has the count of words to copy.
   55                   / Location ads has the location in the source bank to copy from.
   56                   / Location adt has the destination.
   57                   / Both can have extended addresses.

      WRITE TEST PATTERN TO DRUM TRACK 8, 010                             Page 2


   58                   / If extended addresses are used, be sure an eem has been done first.
   59 00116 000000      cpy, 0
   60 00117 260133          dap cd
   61 00120 200116          lac cpy
   62 00121 761000          cma
   63 00122 400141      cl, add (1
   64 00123 760060          lsw
   65 00124 210134          lac i ads
   66 00125 250135          dac i adt
   67 00126 440134          idx ads
   68 00127 440135          idx adt
   69 00130 760060          lsw
   70 00131 640100          sza
   71 00132 600122          jmp cl
   72 00133 600133      cd, jmp .
   73 00134 000000      ads, 0
   74 00135 000000      adt, 0
   75                   
   76 00136 500000      constants
      00137 010000
      00140 010100
      00141 000001
   77       000100      start 100

      No errors detected
