
      A SPECIAL LOADER TO LOAD OR STORE PROGRAMS TO THE DRUM              Page 1


    1                   A SPECIAL LOADER TO LOAD OR STORE PROGRAMS TO THE DRUM
    2                   
    3       720061      dia=720061
    4       720062      dwc=720062
    5       720063      dcl=720063
    6                   
    7       760020      lia=760020
    8       760040      lai=760040
    9                   
   10                   / Assemble with -r or it will fail
   11                   / Halts on readin done
   12                   / Set the drum track in the test word low 5 bits
   13                   / Set sense switch 1 on for write to drum, 0 for read from drum
   14                   / Press continue
   15 07751             7751/
   16 07751 760400           hlt
   17                   / The low 5 bits of the test word select the drum track, 00-37, 16 tracks
   18 07752 762200           lat
   19 07753 047774           ior (40
   20 07754 661077           ral 6s
   21 07755 661077           ral 6s
   22 07756 760020           lia
   23                   / If semse switch 1 is on save to drum, if off load from drum
   24 07757 640010           szs 10
   25 07760 764000           cli
   26 07761 720061           dia
   27 07762 227775      str, lio (7750
   28 07763 720062           dwc
   29 07764 764000           cli
   30 07765 720063           dcl
   31                   / check the busy bit
   32 07766 720033      cby, cks
   33 07767 760200           cla
   34 07770 663001           rcl 1
   35 07771 640100           sza
   36 07772 607766           jmp cby
   37 07773 760400           hlt
   38                   
   39 07774 000040      constants
      07775 007750
   40       007751      start 7751

      No errors detected
