
      MINSKY                                                              Page 1


    1                   MINSKY
    2                   
    3                   
    4                   
    5                   
    6                   
    7                   
    8                   
    9                   
   10                   
   11                   
   12                   
   13                   
   14                   
   15                   
   16                   
   17                   
   18                   
   19                   
   20                   
   21                   
   22                   
   23                   
   24                   
   25                   
   26                   
   27                   
   28                   
   29                   
   30                   
   31                   
   32                   
   33                   
   34                   
   35                   
   36                   
   37                   
   38                   
   39                   
   40                   
   41                   
   42                   
   43                   
   44                   
   45                   
   46                   
   47                   
   48                   
   49                   
   50                   
   51                   
   52                   
   53                   
   54                   
   55                   
   56                   
   57                   

      MINSKY                                                              Page 2


   58 00004 000500      500
   59 00005 663777            rcl 9s     
   60 00006 663777            rcl 9s     
   61                   
   62                   
   63                   
   64 00007 620104      m1,   jsp gsh    
   65 00010 240141            dac sh0    
   66 00011 620104            jsp gsh    
   67 00012 240142            dac sh1    
   68 00013 620104            jsp gsh    
   69 00014 240143            dac sh2    
   70 00015 620104            jsp gsh    
   71 00016 240144            dac sh3    
   72 00017 620104            jsp gsh    
   73 00020 240145            dac sh4    
   74 00021 620104            jsp gsh    
   75 00022 240146            dac sh5    
   76                   
   77                   
   78                   
   79 00023 200125      m2,   lac xa0    
   80 00024 240133            dac xa     
   81 00025 200126            lac xb0    
   82 00026 240134            dac xb
   83 00027 200127            lac xc0
   84 00030 240135            dac xc
   85 00031 200130            lac ya0
   86 00032 240136            dac ya
   87 00033 200131            lac yb0
   88 00034 240137            dac yb
   89 00035 200132            lac yc0
   90 00036 240140            dac yc
   91                   
   92                   
   93                   
   94                   
   95 00037 200133      m3a,  lac xa     
   96 00040 400134            add xb     
   97 00041 100141            xct sh0    
   98 00042 400136            add ya     
   99 00043 240136            dac ya     
  100 00044 420137            sub yb     
  101 00045 100142            xct sh1    
  102 00046 761000            cma        
  103 00047 400133            add xa     
  104 00050 240133            dac xa     
  105 00051 220136            lio ya     
  106 00052 720007            dpy-i      
  107                                    
  108                   
  109                                    
  110                                    
  111                                    
  112                   
  113                   
  114 00053 200134      m3b,  lac xb     

      MINSKY                                                              Page 3


  115 00054 420135            sub xc     
  116 00055 100143            xct sh2
  117 00056 400137            add yb
  118 00057 240137            dac yb
  119 00060 420140            sub yc
  120 00061 100144            xct sh3
  121 00062 761000            cma
  122 00063 400134            add xb
  123 00064 240134            dac xb
  124 00065 220137            lio yb
  125 00066 720007            dpy-i       
  126                   
  127                   
  128 00067 200135      m3c,  lac xc      
  129 00070 420133            sub xa      
  130 00071 100145            xct sh4
  131 00072 400140            add yc
  132 00073 240140            dac yc
  133 00074 420136            sub ya
  134 00075 100146            xct sh5
  135 00076 761000            cma
  136 00077 400135            add xc
  137 00100 240135            dac xc
  138 00101 220140            lio yc
  139 00102 720007            dpy-i        
  140                   
  141 00103 600037            jmp m3a      
  142                   
  143                   
  144                   
  145                   
  146                   
  147                   
  148                   
  149 00104 260112      gsh,  dap gsx      
  150 00105 760200            cla          
  151 00106 663007            rcl 3s       
  152 00107 400113            add gsc      
  153 00110 260111            dap .+1      
  154 00111 200111            lac .        
  155 00112 600112      gsx,  jmp .        
  156                   
  157 00113 000114      gsc,  gst          
  158 00114 675001      gst,  sar 1s       
  159 00115 675003            sar 2s       
  160 00116 675007            sar 3s
  161 00117 675017            sar 4s
  162 00120 675037            sar 5s
  163 00121 675077            sar 6s
  164 00122 675177            sar 7s
  165 00123 675377            sar 8s
  166 00124 675777            sar 9s    
  167                   
  168                   
  169                   
  170                   
  171                   

      MINSKY                                                              Page 4


  172                   
  173                   
  174                   
  175                   
  176                   
  177                   
  178                   
  179                   
  180                   
  181                   
  182                   
  183                   
  184 00125 757777      xa0,  dpy i 17770  
  185 00126 000000      xb0,  0            
  186 00127 020000      xc0,  and          
  187 00130 000000      ya0,  0            
  188 00131 040000      yb0,  ior          
  189 00132 000000      yc0,  0            
  190                   
  191                   
  192                   
  193 00133 000000      xa,   0
  194 00134 000000      xb,   0
  195 00135 000000      xc,   0
  196 00136 000000      ya,   0
  197 00137 000000      yb,   0
  198 00140 000000      yc,   0
  199                   
  200                   
  201                   
  202 00141 760400      sh0,  xx           
  203 00142 760400      sh1,  xx           
  204 00143 760400      sh2,  xx
  205 00144 760400      sh3,  xx
  206 00145 760400      sh4,  xx
  207 00146 760400      sh5,  xx
  208                   
  209       000500            start 500    
  210                   
  211                   

      No errors detected
